Prefix(: = <http://example.org/>)
Prefix(rdf: = <http://www.w3.org/1999/02/22-rdf-syntax-ns#>)
Prefix(rdfs: = <http://www.w3.org/2000/01/rdf-schema#>)
Prefix(xsd: = <http://www.w3.org/2001/XMLSchema#>)
Prefix(owl: = <http://www.w3.org/2002/07/owl#>)
Ontology(

SubClassOf(:A ObjectIntersectionOf(:B :C :D))

SubClassOf(ObjectIntersectionOf(:B :C :D) :B) 
SubClassOf(ObjectIntersectionOf(:B :C :D) :C)
SubClassOf(ObjectIntersectionOf(:B :C :D) :D)

SubClassOf(ObjectIntersectionOf(:B :C :D) :BCD)

)
