Prefix(:=<owlapi:ontology#ont30#>)
Prefix(owl:=<http://www.w3.org/2002/07/owl#>)
Prefix(rdf:=<http://www.w3.org/1999/02/22-rdf-syntax-ns#>)
Prefix(xml:=<http://www.w3.org/XML/1998/namespace>)
Prefix(xsd:=<http://www.w3.org/2001/XMLSchema#>)
Prefix(rdfs:=<http://www.w3.org/2000/01/rdf-schema#>)


Ontology(<owlapi:ontology#ont30>

Declaration(Class(<http://example.org/A>))
Declaration(ObjectProperty(<http://example.org/R>))
Declaration(NamedIndividual(<http://example.org/b>))

############################
#   Classes
############################

# Class: <http://example.org/A> (<http://example.org/A>)

EquivalentClasses(<http://example.org/A> ObjectHasValue(<http://example.org/R> <http://example.org/b>))

# Class: owl:Nothing (owl:Nothing)

SubClassOf(owl:Nothing ObjectHasValue(<http://example.org/R> <http://example.org/b>))



SubClassOf(ObjectHasValue(<http://example.org/R> <http://example.org/b>) owl:Thing)
)