Ontology(
Declaration(Class(<test:Endocarditis>))
Declaration(Class(<test:Disease>))
Declaration(Class(<test:HeartValve>))
Declaration(Class(<test:Heart>))
Declaration(Class(<test:Heartdisease>))
Declaration(Class(<test:Endocardium>))
Declaration(Class(<test:Inflammation>))
Declaration(Class(<test:Pericardium>))
Declaration(Class(<test:BodyValve>))
Declaration(Class(<test:Tissue>))
Declaration(Class(<test:Pericarditis>))
Declaration(Class(<test:IsStateNeedsTreatment>))
SubClassOf(<test:HeartValve> <test:BodyValve>)
SubClassOf(<test:Heartdisease> <test:Disease>)
SubClassOf(<test:Inflammation> <test:Disease>)
SubClassOf(<test:Endocarditis> <test:Heartdisease>)
SubClassOf(<test:Pericarditis> <test:Heartdisease>)
SubClassOf(<test:Endocarditis> <test:Inflammation>)
SubClassOf(<test:Pericarditis> <test:Inflammation>)
SubClassOf(<test:Endocarditis> <test:IsStateNeedsTreatment>)
SubClassOf(<test:Endocardium> <test:Tissue>)
SubClassOf(<test:Pericardium> <test:Tissue>)
)