Ontology(
Declaration(Class(<http://example.org/C>))
Declaration(Class(<http://example.org/E>))
Declaration(Class(<http://example.org/X>))
Declaration(Class(<http://example.org/B>))
Declaration(Class(<http://example.org/A>))
Declaration(Class(<http://example.org/D>))
SubClassOf(<http://example.org/A> <http://example.org/X>)
)