Prefix( : = <http://example.org/> )
Prefix( owl: = <http://www.w3.org/2002/07/owl#> )
Ontology(<www.example.org#reflexive_property_ranges#taxonomy>

EquivalentClasses(:A owl:Thing)

)