Ontology(
Declaration(Class(<http://example.org/C>))
Declaration(Class(<http://example.org/A>))
Declaration(Class(<http://example.org/D>))
Declaration(Class(<http://example.org/B>))
SubClassOf(<http://example.org/A> <http://example.org/B>)
SubClassOf(<http://example.org/C> <http://example.org/D>)
)