Prefix( : = <http://example.org/> )
Prefix( owl: = <http://www.w3.org/2002/07/owl#> )
Ontology(<www.example.org#right_linear_property_chain#taxonomy>
SubClassOf(:A :X)
SubClassOf(:B :X)
SubClassOf(:C :X)
SubClassOf(:D :X)
Declaration(Class(:E))

)