Ontology(
Declaration(Class(<http://example.org/C>))
Declaration(Class(<http://example.org/A>))
Declaration(Class(<http://example.org/B>))
EquivalentClasses(<http://www.w3.org/2002/07/owl#Thing> <http://example.org/C>)
SubClassOf(<http://example.org/A> <http://example.org/B>)
)